[error] curl_xml plugin: InstanceFrom is must in xpath block since the base xpath expression "/GridEngineBasicCount/Jobs" returned multiple results. Skipping the xpath block...
